  0x8002fe7d    up 10 days,  1:33,    load average: 0.41, 0.16, 0.11
H70-KARDEX.c    up 51 days, 17:44,    load average: 0.09, 0.14, 0.12
S80-FNCL.cot    up 145 days, 19:47,    load average: 0.34, 0.46, 0.80
africa.coto.    up 580 days,  9:26,    load average: 0.01, 0.02, 0.02
     asterix    up 14 days,  5:37,    load average: 0.31, 0.34, 0.36
campana.coto    up 20 days,  6:13,    load average: 0.00, 0.00, 0.00
ctefte.coto.    up 249 days, 18:18,    load average: 0.16, 0.16, 0.13
ctefte2.coto    up 104 days,  4:16,    load average: 1.05, 1.05, 1.06
cws1.coto.co    up 167 days,  1:39,    load average: 0.14, 0.25, 0.30
dccoto.coto.    up 78 days, 21:23,    load average: 0.24, 0.22, 0.25
escala1.coto    up 114 days, 11:04,    load average: 0.08, 0.14, 0.20
escala2_boot    up 88 days,  1:08,    load average: 0.22, 0.17, 0.16
europa.coto.    up 271 days,  3:20,    load average: 0.03, 0.02, 0.01
j40gdm.coto.    up 47 days,  8:06,    load average: 0.18, 0.43, 0.52
ntaula.coto.    up 47 days,  6:57,    load average: 0.38, 0.30, 0.32
odin.coto.co    up 103 days,  2:55,    load average: 4.38, 9.39, 9.09
oft01.coto.c    up 182 days,  5:30,    load average: 1.12, 1.07, 1.05
      patrol    up 13 days, 34 mins,  load average: 0.00, 0.00, 0.00
precios.coto    up 103 days, 21 mins,  load average: 0.00, 0.00, 0.00
sap1.coto.co    up 18 days,  6 mins,  load average: 0.57, 0.79, 0.91
sap2.coto.co    up 145 days,  6:57,    load average: 1.48, 0.93, 1.10
sft01.coto.c    up 84 days,  7:53,    load average: 2.86, 2.84, 2.92
sp1.coto.com    up  5 days,  4:09,    load average: 0.00, 0.00, 0.00
sp10.coto.co    up 580 days,  9:32,    load average: 0.02, 0.03, 0.03
sp17.coto.co    up 27 days, 17:32,    load average: 4.34, 4.86, 5.12
sp5.coto.com    up 27 days,  7:45,    load average: 0.11, 0.09, 0.11
sp9.coto.com    up 97 days,  5:35,    load average: 0.00, 0.05, 0.12
suc08.coto.c    up 13 days, 22:25,    load average: 0.00, 0.01, 0.01
suc76.coto.c    up 34 days,  6:09,    load average: 3.90, 3.76, 3.76
ws001.coto.c    up 41 days, 19:32,    load average: 0.41, 0.66, 0.74
